============================================================
  Generated by:           Genus(TM) Synthesis Solution 22.17-s071_1
  Generated on:           Jun 05 2026  01:16:21 am
  Module:                 cubic_solver
  Operating conditions:   fast 
  Interconnect mode:      global
  Area mode:              physical library
============================================================


Path 1: MET (27336 ps) Late External Delay Assertion at pin in_ready
          Group: clk
     Startpoint: (R) state_reg[2]/CK
          Clock: (R) clk
       Endpoint: (R) in_ready
          Clock: (R) clk

                     Capture       Launch     
        Clock Edge:+   40000            0     
       Src Latency:+       0            0     
       Net Latency:+       0 (I)        0 (I) 
           Arrival:=   40000            0     
                                              
      Output Delay:-   12000                  
       Uncertainty:-     300                  
     Required Time:=   27700                  
      Launch Clock:-       0                  
         Data Path:-     364                  
             Slack:=   27336                  

Exceptions/Constraints:
  output_delay            12000            cubic_solver.sdc_line_57 

#----------------------------------------------------------------------------------------
#  Timing Point   Flags   Arc   Edge   Cell     Fanout Load Trans Delay Arrival Instance 
#                                                      (fF)  (ps)  (ps)   (ps)  Location 
#----------------------------------------------------------------------------------------
  state_reg[2]/CK -       -     R     (arrival)    328    -   100     0       0    (-,-) 
  state_reg[2]/Q  -       CK->Q F     DFFRHQX1       6 17.9   116   154     154    (-,-) 
  g7437__2802/Y   -       B->Y  R     NOR2X1         3 14.1   186   113     268    (-,-) 
  g7317__3680/Y   -       AN->Y R     NOR2BX1        3  9.2   148    96     364    (-,-) 
  in_ready        -       -     R     (port)         -    -     -     0     364    (-,-) 
#----------------------------------------------------------------------------------------



Path 2: MET (27346 ps) Setup Check with Pin a_reg_reg[25]/CK->SE
          Group: clk
     Startpoint: (F) in_valid
          Clock: (R) clk
       Endpoint: (R) a_reg_reg[25]/SE
          Clock: (R) clk

                     Capture       Launch     
        Clock Edge:+   40000            0     
        Drv Adjust:+       0            0     
       Src Latency:+       0            0     
       Net Latency:+       0 (I)        0 (I) 
           Arrival:=   40000            0     
                                              
             Setup:-      94                  
       Uncertainty:-     300                  
     Required Time:=   39606                  
      Launch Clock:-       0                  
       Input Delay:-   12000                  
         Data Path:-     260                  
             Slack:=   27346                  

Exceptions/Constraints:
  input_delay            12000            cubic_solver.sdc_line_41 

#------------------------------------------------------------------------------------------
#  Timing Point    Flags   Arc   Edge   Cell     Fanout  Load Trans Delay Arrival Instance 
#                                                        (fF)  (ps)  (ps)   (ps)  Location 
#------------------------------------------------------------------------------------------
  in_valid         -       -     F     (arrival)      2   7.0     0     0   12000    (-,-) 
  g7248__9945/Y    -       A->Y  F     AND2X1         2  12.1    81    56   12056    (-,-) 
  g7242/Y          -       A->Y  R     CLKINVX4      64 231.0   385   204   12260    (-,-) 
  a_reg_reg[25]/SE -       -     R     SDFFRHQX1     64     -     -     0   12260    (-,-) 
#------------------------------------------------------------------------------------------



Path 3: MET (27346 ps) Setup Check with Pin a_reg_reg[31]/CK->SE
          Group: clk
     Startpoint: (F) in_valid
          Clock: (R) clk
       Endpoint: (R) a_reg_reg[31]/SE
          Clock: (R) clk

                     Capture       Launch     
        Clock Edge:+   40000            0     
        Drv Adjust:+       0            0     
       Src Latency:+       0            0     
       Net Latency:+       0 (I)        0 (I) 
           Arrival:=   40000            0     
                                              
             Setup:-      94                  
       Uncertainty:-     300                  
     Required Time:=   39606                  
      Launch Clock:-       0                  
       Input Delay:-   12000                  
         Data Path:-     260                  
             Slack:=   27346                  

Exceptions/Constraints:
  input_delay            12000            cubic_solver.sdc_line_41 

#------------------------------------------------------------------------------------------
#  Timing Point    Flags   Arc   Edge   Cell     Fanout  Load Trans Delay Arrival Instance 
#                                                        (fF)  (ps)  (ps)   (ps)  Location 
#------------------------------------------------------------------------------------------
  in_valid         -       -     F     (arrival)      2   7.0     0     0   12000    (-,-) 
  g7248__9945/Y    -       A->Y  F     AND2X1         2  12.1    81    56   12056    (-,-) 
  g7242/Y          -       A->Y  R     CLKINVX4      64 231.0   385   204   12260    (-,-) 
  a_reg_reg[31]/SE -       -     R     SDFFRHQX1     64     -     -     0   12260    (-,-) 
#------------------------------------------------------------------------------------------



Path 4: MET (27346 ps) Setup Check with Pin b_reg_reg[20]/CK->SE
          Group: clk
     Startpoint: (F) in_valid
          Clock: (R) clk
       Endpoint: (R) b_reg_reg[20]/SE
          Clock: (R) clk

                     Capture       Launch     
        Clock Edge:+   40000            0     
        Drv Adjust:+       0            0     
       Src Latency:+       0            0     
       Net Latency:+       0 (I)        0 (I) 
           Arrival:=   40000            0     
                                              
             Setup:-      94                  
       Uncertainty:-     300                  
     Required Time:=   39606                  
      Launch Clock:-       0                  
       Input Delay:-   12000                  
         Data Path:-     260                  
             Slack:=   27346                  

Exceptions/Constraints:
  input_delay            12000            cubic_solver.sdc_line_41 

#------------------------------------------------------------------------------------------
#  Timing Point    Flags   Arc   Edge   Cell     Fanout  Load Trans Delay Arrival Instance 
#                                                        (fF)  (ps)  (ps)   (ps)  Location 
#------------------------------------------------------------------------------------------
  in_valid         -       -     F     (arrival)      2   7.0     0     0   12000    (-,-) 
  g7248__9945/Y    -       A->Y  F     AND2X1         2  12.1    81    56   12056    (-,-) 
  g7243/Y          -       A->Y  R     CLKINVX4      64 231.0   385   204   12260    (-,-) 
  b_reg_reg[20]/SE -       -     R     SDFFRHQX1     64     -     -     0   12260    (-,-) 
#------------------------------------------------------------------------------------------



Path 5: MET (27346 ps) Setup Check with Pin b_reg_reg[5]/CK->SE
          Group: clk
     Startpoint: (F) in_valid
          Clock: (R) clk
       Endpoint: (R) b_reg_reg[5]/SE
          Clock: (R) clk

                     Capture       Launch     
        Clock Edge:+   40000            0     
        Drv Adjust:+       0            0     
       Src Latency:+       0            0     
       Net Latency:+       0 (I)        0 (I) 
           Arrival:=   40000            0     
                                              
             Setup:-      94                  
       Uncertainty:-     300                  
     Required Time:=   39606                  
      Launch Clock:-       0                  
       Input Delay:-   12000                  
         Data Path:-     260                  
             Slack:=   27346                  

Exceptions/Constraints:
  input_delay            12000            cubic_solver.sdc_line_41 

#-----------------------------------------------------------------------------------------
#  Timing Point   Flags   Arc   Edge   Cell     Fanout  Load Trans Delay Arrival Instance 
#                                                       (fF)  (ps)  (ps)   (ps)  Location 
#-----------------------------------------------------------------------------------------
  in_valid        -       -     F     (arrival)      2   7.0     0     0   12000    (-,-) 
  g7248__9945/Y   -       A->Y  F     AND2X1         2  12.1    81    56   12056    (-,-) 
  g7242/Y         -       A->Y  R     CLKINVX4      64 231.0   385   204   12260    (-,-) 
  b_reg_reg[5]/SE -       -     R     SDFFRHQX1     64     -     -     0   12260    (-,-) 
#-----------------------------------------------------------------------------------------



Path 6: MET (27346 ps) Setup Check with Pin b_reg_reg[6]/CK->SE
          Group: clk
     Startpoint: (F) in_valid
          Clock: (R) clk
       Endpoint: (R) b_reg_reg[6]/SE
          Clock: (R) clk

                     Capture       Launch     
        Clock Edge:+   40000            0     
        Drv Adjust:+       0            0     
       Src Latency:+       0            0     
       Net Latency:+       0 (I)        0 (I) 
           Arrival:=   40000            0     
                                              
             Setup:-      94                  
       Uncertainty:-     300                  
     Required Time:=   39606                  
      Launch Clock:-       0                  
       Input Delay:-   12000                  
         Data Path:-     260                  
             Slack:=   27346                  

Exceptions/Constraints:
  input_delay            12000            cubic_solver.sdc_line_41 

#-----------------------------------------------------------------------------------------
#  Timing Point   Flags   Arc   Edge   Cell     Fanout  Load Trans Delay Arrival Instance 
#                                                       (fF)  (ps)  (ps)   (ps)  Location 
#-----------------------------------------------------------------------------------------
  in_valid        -       -     F     (arrival)      2   7.0     0     0   12000    (-,-) 
  g7248__9945/Y   -       A->Y  F     AND2X1         2  12.1    81    56   12056    (-,-) 
  g7243/Y         -       A->Y  R     CLKINVX4      64 231.0   385   204   12260    (-,-) 
  b_reg_reg[6]/SE -       -     R     SDFFRHQX1     64     -     -     0   12260    (-,-) 
#-----------------------------------------------------------------------------------------



Path 7: MET (27346 ps) Setup Check with Pin a_reg_reg[3]/CK->SE
          Group: clk
     Startpoint: (F) in_valid
          Clock: (R) clk
       Endpoint: (R) a_reg_reg[3]/SE
          Clock: (R) clk

                     Capture       Launch     
        Clock Edge:+   40000            0     
        Drv Adjust:+       0            0     
       Src Latency:+       0            0     
       Net Latency:+       0 (I)        0 (I) 
           Arrival:=   40000            0     
                                              
             Setup:-      94                  
       Uncertainty:-     300                  
     Required Time:=   39606                  
      Launch Clock:-       0                  
       Input Delay:-   12000                  
         Data Path:-     260                  
             Slack:=   27346                  

Exceptions/Constraints:
  input_delay            12000            cubic_solver.sdc_line_41 

#-----------------------------------------------------------------------------------------
#  Timing Point   Flags   Arc   Edge   Cell     Fanout  Load Trans Delay Arrival Instance 
#                                                       (fF)  (ps)  (ps)   (ps)  Location 
#-----------------------------------------------------------------------------------------
  in_valid        -       -     F     (arrival)      2   7.0     0     0   12000    (-,-) 
  g7248__9945/Y   -       A->Y  F     AND2X1         2  12.1    81    56   12056    (-,-) 
  g7243/Y         -       A->Y  R     CLKINVX4      64 231.0   385   204   12260    (-,-) 
  a_reg_reg[3]/SE -       -     R     SDFFRHQX1     64     -     -     0   12260    (-,-) 
#-----------------------------------------------------------------------------------------



Path 8: MET (27346 ps) Setup Check with Pin b_reg_reg[0]/CK->SE
          Group: clk
     Startpoint: (F) in_valid
          Clock: (R) clk
       Endpoint: (R) b_reg_reg[0]/SE
          Clock: (R) clk

                     Capture       Launch     
        Clock Edge:+   40000            0     
        Drv Adjust:+       0            0     
       Src Latency:+       0            0     
       Net Latency:+       0 (I)        0 (I) 
           Arrival:=   40000            0     
                                              
             Setup:-      94                  
       Uncertainty:-     300                  
     Required Time:=   39606                  
      Launch Clock:-       0                  
       Input Delay:-   12000                  
         Data Path:-     260                  
             Slack:=   27346                  

Exceptions/Constraints:
  input_delay            12000            cubic_solver.sdc_line_41 

#-----------------------------------------------------------------------------------------
#  Timing Point   Flags   Arc   Edge   Cell     Fanout  Load Trans Delay Arrival Instance 
#                                                       (fF)  (ps)  (ps)   (ps)  Location 
#-----------------------------------------------------------------------------------------
  in_valid        -       -     F     (arrival)      2   7.0     0     0   12000    (-,-) 
  g7248__9945/Y   -       A->Y  F     AND2X1         2  12.1    81    56   12056    (-,-) 
  g7243/Y         -       A->Y  R     CLKINVX4      64 231.0   385   204   12260    (-,-) 
  b_reg_reg[0]/SE -       -     R     SDFFRHQX1     64     -     -     0   12260    (-,-) 
#-----------------------------------------------------------------------------------------



Path 9: MET (27346 ps) Setup Check with Pin b_reg_reg[2]/CK->SE
          Group: clk
     Startpoint: (F) in_valid
          Clock: (R) clk
       Endpoint: (R) b_reg_reg[2]/SE
          Clock: (R) clk

                     Capture       Launch     
        Clock Edge:+   40000            0     
        Drv Adjust:+       0            0     
       Src Latency:+       0            0     
       Net Latency:+       0 (I)        0 (I) 
           Arrival:=   40000            0     
                                              
             Setup:-      94                  
       Uncertainty:-     300                  
     Required Time:=   39606                  
      Launch Clock:-       0                  
       Input Delay:-   12000                  
         Data Path:-     260                  
             Slack:=   27346                  

Exceptions/Constraints:
  input_delay            12000            cubic_solver.sdc_line_41 

#-----------------------------------------------------------------------------------------
#  Timing Point   Flags   Arc   Edge   Cell     Fanout  Load Trans Delay Arrival Instance 
#                                                       (fF)  (ps)  (ps)   (ps)  Location 
#-----------------------------------------------------------------------------------------
  in_valid        -       -     F     (arrival)      2   7.0     0     0   12000    (-,-) 
  g7248__9945/Y   -       A->Y  F     AND2X1         2  12.1    81    56   12056    (-,-) 
  g7242/Y         -       A->Y  R     CLKINVX4      64 231.0   385   204   12260    (-,-) 
  b_reg_reg[2]/SE -       -     R     SDFFRHQX1     64     -     -     0   12260    (-,-) 
#-----------------------------------------------------------------------------------------



Path 10: MET (27346 ps) Setup Check with Pin b_reg_reg[7]/CK->SE
          Group: clk
     Startpoint: (F) in_valid
          Clock: (R) clk
       Endpoint: (R) b_reg_reg[7]/SE
          Clock: (R) clk

                     Capture       Launch     
        Clock Edge:+   40000            0     
        Drv Adjust:+       0            0     
       Src Latency:+       0            0     
       Net Latency:+       0 (I)        0 (I) 
           Arrival:=   40000            0     
                                              
             Setup:-      94                  
       Uncertainty:-     300                  
     Required Time:=   39606                  
      Launch Clock:-       0                  
       Input Delay:-   12000                  
         Data Path:-     260                  
             Slack:=   27346                  

Exceptions/Constraints:
  input_delay            12000            cubic_solver.sdc_line_41 

#-----------------------------------------------------------------------------------------
#  Timing Point   Flags   Arc   Edge   Cell     Fanout  Load Trans Delay Arrival Instance 
#                                                       (fF)  (ps)  (ps)   (ps)  Location 
#-----------------------------------------------------------------------------------------
  in_valid        -       -     F     (arrival)      2   7.0     0     0   12000    (-,-) 
  g7248__9945/Y   -       A->Y  F     AND2X1         2  12.1    81    56   12056    (-,-) 
  g7243/Y         -       A->Y  R     CLKINVX4      64 231.0   385   204   12260    (-,-) 
  b_reg_reg[7]/SE -       -     R     SDFFRHQX1     64     -     -     0   12260    (-,-) 
#-----------------------------------------------------------------------------------------



Path 11: MET (27346 ps) Setup Check with Pin b_reg_reg[9]/CK->SE
          Group: clk
     Startpoint: (F) in_valid
          Clock: (R) clk
       Endpoint: (R) b_reg_reg[9]/SE
          Clock: (R) clk

                     Capture       Launch     
        Clock Edge:+   40000            0     
        Drv Adjust:+       0            0     
       Src Latency:+       0            0     
       Net Latency:+       0 (I)        0 (I) 
           Arrival:=   40000            0     
                                              
             Setup:-      94                  
       Uncertainty:-     300                  
     Required Time:=   39606                  
      Launch Clock:-       0                  
       Input Delay:-   12000                  
         Data Path:-     260                  
             Slack:=   27346                  

Exceptions/Constraints:
  input_delay            12000            cubic_solver.sdc_line_41 

#-----------------------------------------------------------------------------------------
#  Timing Point   Flags   Arc   Edge   Cell     Fanout  Load Trans Delay Arrival Instance 
#                                                       (fF)  (ps)  (ps)   (ps)  Location 
#-----------------------------------------------------------------------------------------
  in_valid        -       -     F     (arrival)      2   7.0     0     0   12000    (-,-) 
  g7248__9945/Y   -       A->Y  F     AND2X1         2  12.1    81    56   12056    (-,-) 
  g7243/Y         -       A->Y  R     CLKINVX4      64 231.0   385   204   12260    (-,-) 
  b_reg_reg[9]/SE -       -     R     SDFFRHQX1     64     -     -     0   12260    (-,-) 
#-----------------------------------------------------------------------------------------



Path 12: MET (27346 ps) Setup Check with Pin b_reg_reg[4]/CK->SE
          Group: clk
     Startpoint: (F) in_valid
          Clock: (R) clk
       Endpoint: (R) b_reg_reg[4]/SE
          Clock: (R) clk

                     Capture       Launch     
        Clock Edge:+   40000            0     
        Drv Adjust:+       0            0     
       Src Latency:+       0            0     
       Net Latency:+       0 (I)        0 (I) 
           Arrival:=   40000            0     
                                              
             Setup:-      94                  
       Uncertainty:-     300                  
     Required Time:=   39606                  
      Launch Clock:-       0                  
       Input Delay:-   12000                  
         Data Path:-     260                  
             Slack:=   27346                  

Exceptions/Constraints:
  input_delay            12000            cubic_solver.sdc_line_41 

#-----------------------------------------------------------------------------------------
#  Timing Point   Flags   Arc   Edge   Cell     Fanout  Load Trans Delay Arrival Instance 
#                                                       (fF)  (ps)  (ps)   (ps)  Location 
#-----------------------------------------------------------------------------------------
  in_valid        -       -     F     (arrival)      2   7.0     0     0   12000    (-,-) 
  g7248__9945/Y   -       A->Y  F     AND2X1         2  12.1    81    56   12056    (-,-) 
  g7242/Y         -       A->Y  R     CLKINVX4      64 231.0   385   204   12260    (-,-) 
  b_reg_reg[4]/SE -       -     R     SDFFRHQX1     64     -     -     0   12260    (-,-) 
#-----------------------------------------------------------------------------------------



Path 13: MET (27346 ps) Setup Check with Pin b_reg_reg[11]/CK->SE
          Group: clk
     Startpoint: (F) in_valid
          Clock: (R) clk
       Endpoint: (R) b_reg_reg[11]/SE
          Clock: (R) clk

                     Capture       Launch     
        Clock Edge:+   40000            0     
        Drv Adjust:+       0            0     
       Src Latency:+       0            0     
       Net Latency:+       0 (I)        0 (I) 
           Arrival:=   40000            0     
                                              
             Setup:-      94                  
       Uncertainty:-     300                  
     Required Time:=   39606                  
      Launch Clock:-       0                  
       Input Delay:-   12000                  
         Data Path:-     260                  
             Slack:=   27346                  

Exceptions/Constraints:
  input_delay            12000            cubic_solver.sdc_line_41 

#------------------------------------------------------------------------------------------
#  Timing Point    Flags   Arc   Edge   Cell     Fanout  Load Trans Delay Arrival Instance 
#                                                        (fF)  (ps)  (ps)   (ps)  Location 
#------------------------------------------------------------------------------------------
  in_valid         -       -     F     (arrival)      2   7.0     0     0   12000    (-,-) 
  g7248__9945/Y    -       A->Y  F     AND2X1         2  12.1    81    56   12056    (-,-) 
  g7243/Y          -       A->Y  R     CLKINVX4      64 231.0   385   204   12260    (-,-) 
  b_reg_reg[11]/SE -       -     R     SDFFRHQX1     64     -     -     0   12260    (-,-) 
#------------------------------------------------------------------------------------------



Path 14: MET (27346 ps) Setup Check with Pin b_reg_reg[8]/CK->SE
          Group: clk
     Startpoint: (F) in_valid
          Clock: (R) clk
       Endpoint: (R) b_reg_reg[8]/SE
          Clock: (R) clk

                     Capture       Launch     
        Clock Edge:+   40000            0     
        Drv Adjust:+       0            0     
       Src Latency:+       0            0     
       Net Latency:+       0 (I)        0 (I) 
           Arrival:=   40000            0     
                                              
             Setup:-      94                  
       Uncertainty:-     300                  
     Required Time:=   39606                  
      Launch Clock:-       0                  
       Input Delay:-   12000                  
         Data Path:-     260                  
             Slack:=   27346                  

Exceptions/Constraints:
  input_delay            12000            cubic_solver.sdc_line_41 

#-----------------------------------------------------------------------------------------
#  Timing Point   Flags   Arc   Edge   Cell     Fanout  Load Trans Delay Arrival Instance 
#                                                       (fF)  (ps)  (ps)   (ps)  Location 
#-----------------------------------------------------------------------------------------
  in_valid        -       -     F     (arrival)      2   7.0     0     0   12000    (-,-) 
  g7248__9945/Y   -       A->Y  F     AND2X1         2  12.1    81    56   12056    (-,-) 
  g7242/Y         -       A->Y  R     CLKINVX4      64 231.0   385   204   12260    (-,-) 
  b_reg_reg[8]/SE -       -     R     SDFFRHQX1     64     -     -     0   12260    (-,-) 
#-----------------------------------------------------------------------------------------



Path 15: MET (27346 ps) Setup Check with Pin b_reg_reg[10]/CK->SE
          Group: clk
     Startpoint: (F) in_valid
          Clock: (R) clk
       Endpoint: (R) b_reg_reg[10]/SE
          Clock: (R) clk

                     Capture       Launch     
        Clock Edge:+   40000            0     
        Drv Adjust:+       0            0     
       Src Latency:+       0            0     
       Net Latency:+       0 (I)        0 (I) 
           Arrival:=   40000            0     
                                              
             Setup:-      94                  
       Uncertainty:-     300                  
     Required Time:=   39606                  
      Launch Clock:-       0                  
       Input Delay:-   12000                  
         Data Path:-     260                  
             Slack:=   27346                  

Exceptions/Constraints:
  input_delay            12000            cubic_solver.sdc_line_41 

#------------------------------------------------------------------------------------------
#  Timing Point    Flags   Arc   Edge   Cell     Fanout  Load Trans Delay Arrival Instance 
#                                                        (fF)  (ps)  (ps)   (ps)  Location 
#------------------------------------------------------------------------------------------
  in_valid         -       -     F     (arrival)      2   7.0     0     0   12000    (-,-) 
  g7248__9945/Y    -       A->Y  F     AND2X1         2  12.1    81    56   12056    (-,-) 
  g7242/Y          -       A->Y  R     CLKINVX4      64 231.0   385   204   12260    (-,-) 
  b_reg_reg[10]/SE -       -     R     SDFFRHQX1     64     -     -     0   12260    (-,-) 
#------------------------------------------------------------------------------------------



Path 16: MET (27346 ps) Setup Check with Pin b_reg_reg[1]/CK->SE
          Group: clk
     Startpoint: (F) in_valid
          Clock: (R) clk
       Endpoint: (R) b_reg_reg[1]/SE
          Clock: (R) clk

                     Capture       Launch     
        Clock Edge:+   40000            0     
        Drv Adjust:+       0            0     
       Src Latency:+       0            0     
       Net Latency:+       0 (I)        0 (I) 
           Arrival:=   40000            0     
                                              
             Setup:-      94                  
       Uncertainty:-     300                  
     Required Time:=   39606                  
      Launch Clock:-       0                  
       Input Delay:-   12000                  
         Data Path:-     260                  
             Slack:=   27346                  

Exceptions/Constraints:
  input_delay            12000            cubic_solver.sdc_line_41 

#-----------------------------------------------------------------------------------------
#  Timing Point   Flags   Arc   Edge   Cell     Fanout  Load Trans Delay Arrival Instance 
#                                                       (fF)  (ps)  (ps)   (ps)  Location 
#-----------------------------------------------------------------------------------------
  in_valid        -       -     F     (arrival)      2   7.0     0     0   12000    (-,-) 
  g7248__9945/Y   -       A->Y  F     AND2X1         2  12.1    81    56   12056    (-,-) 
  g7242/Y         -       A->Y  R     CLKINVX4      64 231.0   385   204   12260    (-,-) 
  b_reg_reg[1]/SE -       -     R     SDFFRHQX1     64     -     -     0   12260    (-,-) 
#-----------------------------------------------------------------------------------------



Path 17: MET (27346 ps) Setup Check with Pin b_reg_reg[19]/CK->SE
          Group: clk
     Startpoint: (F) in_valid
          Clock: (R) clk
       Endpoint: (R) b_reg_reg[19]/SE
          Clock: (R) clk

                     Capture       Launch     
        Clock Edge:+   40000            0     
        Drv Adjust:+       0            0     
       Src Latency:+       0            0     
       Net Latency:+       0 (I)        0 (I) 
           Arrival:=   40000            0     
                                              
             Setup:-      94                  
       Uncertainty:-     300                  
     Required Time:=   39606                  
      Launch Clock:-       0                  
       Input Delay:-   12000                  
         Data Path:-     260                  
             Slack:=   27346                  

Exceptions/Constraints:
  input_delay            12000            cubic_solver.sdc_line_41 

#------------------------------------------------------------------------------------------
#  Timing Point    Flags   Arc   Edge   Cell     Fanout  Load Trans Delay Arrival Instance 
#                                                        (fF)  (ps)  (ps)   (ps)  Location 
#------------------------------------------------------------------------------------------
  in_valid         -       -     F     (arrival)      2   7.0     0     0   12000    (-,-) 
  g7248__9945/Y    -       A->Y  F     AND2X1         2  12.1    81    56   12056    (-,-) 
  g7243/Y          -       A->Y  R     CLKINVX4      64 231.0   385   204   12260    (-,-) 
  b_reg_reg[19]/SE -       -     R     SDFFRHQX1     64     -     -     0   12260    (-,-) 
#------------------------------------------------------------------------------------------



Path 18: MET (27346 ps) Setup Check with Pin b_reg_reg[12]/CK->SE
          Group: clk
     Startpoint: (F) in_valid
          Clock: (R) clk
       Endpoint: (R) b_reg_reg[12]/SE
          Clock: (R) clk

                     Capture       Launch     
        Clock Edge:+   40000            0     
        Drv Adjust:+       0            0     
       Src Latency:+       0            0     
       Net Latency:+       0 (I)        0 (I) 
           Arrival:=   40000            0     
                                              
             Setup:-      94                  
       Uncertainty:-     300                  
     Required Time:=   39606                  
      Launch Clock:-       0                  
       Input Delay:-   12000                  
         Data Path:-     260                  
             Slack:=   27346                  

Exceptions/Constraints:
  input_delay            12000            cubic_solver.sdc_line_41 

#------------------------------------------------------------------------------------------
#  Timing Point    Flags   Arc   Edge   Cell     Fanout  Load Trans Delay Arrival Instance 
#                                                        (fF)  (ps)  (ps)   (ps)  Location 
#------------------------------------------------------------------------------------------
  in_valid         -       -     F     (arrival)      2   7.0     0     0   12000    (-,-) 
  g7248__9945/Y    -       A->Y  F     AND2X1         2  12.1    81    56   12056    (-,-) 
  g7243/Y          -       A->Y  R     CLKINVX4      64 231.0   385   204   12260    (-,-) 
  b_reg_reg[12]/SE -       -     R     SDFFRHQX1     64     -     -     0   12260    (-,-) 
#------------------------------------------------------------------------------------------



Path 19: MET (27346 ps) Setup Check with Pin b_reg_reg[14]/CK->SE
          Group: clk
     Startpoint: (F) in_valid
          Clock: (R) clk
       Endpoint: (R) b_reg_reg[14]/SE
          Clock: (R) clk

                     Capture       Launch     
        Clock Edge:+   40000            0     
        Drv Adjust:+       0            0     
       Src Latency:+       0            0     
       Net Latency:+       0 (I)        0 (I) 
           Arrival:=   40000            0     
                                              
             Setup:-      94                  
       Uncertainty:-     300                  
     Required Time:=   39606                  
      Launch Clock:-       0                  
       Input Delay:-   12000                  
         Data Path:-     260                  
             Slack:=   27346                  

Exceptions/Constraints:
  input_delay            12000            cubic_solver.sdc_line_41 

#------------------------------------------------------------------------------------------
#  Timing Point    Flags   Arc   Edge   Cell     Fanout  Load Trans Delay Arrival Instance 
#                                                        (fF)  (ps)  (ps)   (ps)  Location 
#------------------------------------------------------------------------------------------
  in_valid         -       -     F     (arrival)      2   7.0     0     0   12000    (-,-) 
  g7248__9945/Y    -       A->Y  F     AND2X1         2  12.1    81    56   12056    (-,-) 
  g7243/Y          -       A->Y  R     CLKINVX4      64 231.0   385   204   12260    (-,-) 
  b_reg_reg[14]/SE -       -     R     SDFFRHQX1     64     -     -     0   12260    (-,-) 
#------------------------------------------------------------------------------------------



Path 20: MET (27346 ps) Setup Check with Pin b_reg_reg[16]/CK->SE
          Group: clk
     Startpoint: (F) in_valid
          Clock: (R) clk
       Endpoint: (R) b_reg_reg[16]/SE
          Clock: (R) clk

                     Capture       Launch     
        Clock Edge:+   40000            0     
        Drv Adjust:+       0            0     
       Src Latency:+       0            0     
       Net Latency:+       0 (I)        0 (I) 
           Arrival:=   40000            0     
                                              
             Setup:-      94                  
       Uncertainty:-     300                  
     Required Time:=   39606                  
      Launch Clock:-       0                  
       Input Delay:-   12000                  
         Data Path:-     260                  
             Slack:=   27346                  

Exceptions/Constraints:
  input_delay            12000            cubic_solver.sdc_line_41 

#------------------------------------------------------------------------------------------
#  Timing Point    Flags   Arc   Edge   Cell     Fanout  Load Trans Delay Arrival Instance 
#                                                        (fF)  (ps)  (ps)   (ps)  Location 
#------------------------------------------------------------------------------------------
  in_valid         -       -     F     (arrival)      2   7.0     0     0   12000    (-,-) 
  g7248__9945/Y    -       A->Y  F     AND2X1         2  12.1    81    56   12056    (-,-) 
  g7242/Y          -       A->Y  R     CLKINVX4      64 231.0   385   204   12260    (-,-) 
  b_reg_reg[16]/SE -       -     R     SDFFRHQX1     64     -     -     0   12260    (-,-) 
#------------------------------------------------------------------------------------------



Path 21: MET (27346 ps) Setup Check with Pin b_reg_reg[18]/CK->SE
          Group: clk
     Startpoint: (F) in_valid
          Clock: (R) clk
       Endpoint: (R) b_reg_reg[18]/SE
          Clock: (R) clk

                     Capture       Launch     
        Clock Edge:+   40000            0     
        Drv Adjust:+       0            0     
       Src Latency:+       0            0     
       Net Latency:+       0 (I)        0 (I) 
           Arrival:=   40000            0     
                                              
             Setup:-      94                  
       Uncertainty:-     300                  
     Required Time:=   39606                  
      Launch Clock:-       0                  
       Input Delay:-   12000                  
         Data Path:-     260                  
             Slack:=   27346                  

Exceptions/Constraints:
  input_delay            12000            cubic_solver.sdc_line_41 

#------------------------------------------------------------------------------------------
#  Timing Point    Flags   Arc   Edge   Cell     Fanout  Load Trans Delay Arrival Instance 
#                                                        (fF)  (ps)  (ps)   (ps)  Location 
#------------------------------------------------------------------------------------------
  in_valid         -       -     F     (arrival)      2   7.0     0     0   12000    (-,-) 
  g7248__9945/Y    -       A->Y  F     AND2X1         2  12.1    81    56   12056    (-,-) 
  g7243/Y          -       A->Y  R     CLKINVX4      64 231.0   385   204   12260    (-,-) 
  b_reg_reg[18]/SE -       -     R     SDFFRHQX1     64     -     -     0   12260    (-,-) 
#------------------------------------------------------------------------------------------



Path 22: MET (27346 ps) Setup Check with Pin b_reg_reg[13]/CK->SE
          Group: clk
     Startpoint: (F) in_valid
          Clock: (R) clk
       Endpoint: (R) b_reg_reg[13]/SE
          Clock: (R) clk

                     Capture       Launch     
        Clock Edge:+   40000            0     
        Drv Adjust:+       0            0     
       Src Latency:+       0            0     
       Net Latency:+       0 (I)        0 (I) 
           Arrival:=   40000            0     
                                              
             Setup:-      94                  
       Uncertainty:-     300                  
     Required Time:=   39606                  
      Launch Clock:-       0                  
       Input Delay:-   12000                  
         Data Path:-     260                  
             Slack:=   27346                  

Exceptions/Constraints:
  input_delay            12000            cubic_solver.sdc_line_41 

#------------------------------------------------------------------------------------------
#  Timing Point    Flags   Arc   Edge   Cell     Fanout  Load Trans Delay Arrival Instance 
#                                                        (fF)  (ps)  (ps)   (ps)  Location 
#------------------------------------------------------------------------------------------
  in_valid         -       -     F     (arrival)      2   7.0     0     0   12000    (-,-) 
  g7248__9945/Y    -       A->Y  F     AND2X1         2  12.1    81    56   12056    (-,-) 
  g7243/Y          -       A->Y  R     CLKINVX4      64 231.0   385   204   12260    (-,-) 
  b_reg_reg[13]/SE -       -     R     SDFFRHQX1     64     -     -     0   12260    (-,-) 
#------------------------------------------------------------------------------------------



Path 23: MET (27346 ps) Setup Check with Pin b_reg_reg[15]/CK->SE
          Group: clk
     Startpoint: (F) in_valid
          Clock: (R) clk
       Endpoint: (R) b_reg_reg[15]/SE
          Clock: (R) clk

                     Capture       Launch     
        Clock Edge:+   40000            0     
        Drv Adjust:+       0            0     
       Src Latency:+       0            0     
       Net Latency:+       0 (I)        0 (I) 
           Arrival:=   40000            0     
                                              
             Setup:-      94                  
       Uncertainty:-     300                  
     Required Time:=   39606                  
      Launch Clock:-       0                  
       Input Delay:-   12000                  
         Data Path:-     260                  
             Slack:=   27346                  

Exceptions/Constraints:
  input_delay            12000            cubic_solver.sdc_line_41 

#------------------------------------------------------------------------------------------
#  Timing Point    Flags   Arc   Edge   Cell     Fanout  Load Trans Delay Arrival Instance 
#                                                        (fF)  (ps)  (ps)   (ps)  Location 
#------------------------------------------------------------------------------------------
  in_valid         -       -     F     (arrival)      2   7.0     0     0   12000    (-,-) 
  g7248__9945/Y    -       A->Y  F     AND2X1         2  12.1    81    56   12056    (-,-) 
  g7242/Y          -       A->Y  R     CLKINVX4      64 231.0   385   204   12260    (-,-) 
  b_reg_reg[15]/SE -       -     R     SDFFRHQX1     64     -     -     0   12260    (-,-) 
#------------------------------------------------------------------------------------------



Path 24: MET (27346 ps) Setup Check with Pin b_reg_reg[17]/CK->SE
          Group: clk
     Startpoint: (F) in_valid
          Clock: (R) clk
       Endpoint: (R) b_reg_reg[17]/SE
          Clock: (R) clk

                     Capture       Launch     
        Clock Edge:+   40000            0     
        Drv Adjust:+       0            0     
       Src Latency:+       0            0     
       Net Latency:+       0 (I)        0 (I) 
           Arrival:=   40000            0     
                                              
             Setup:-      94                  
       Uncertainty:-     300                  
     Required Time:=   39606                  
      Launch Clock:-       0                  
       Input Delay:-   12000                  
         Data Path:-     260                  
             Slack:=   27346                  

Exceptions/Constraints:
  input_delay            12000            cubic_solver.sdc_line_41 

#------------------------------------------------------------------------------------------
#  Timing Point    Flags   Arc   Edge   Cell     Fanout  Load Trans Delay Arrival Instance 
#                                                        (fF)  (ps)  (ps)   (ps)  Location 
#------------------------------------------------------------------------------------------
  in_valid         -       -     F     (arrival)      2   7.0     0     0   12000    (-,-) 
  g7248__9945/Y    -       A->Y  F     AND2X1         2  12.1    81    56   12056    (-,-) 
  g7243/Y          -       A->Y  R     CLKINVX4      64 231.0   385   204   12260    (-,-) 
  b_reg_reg[17]/SE -       -     R     SDFFRHQX1     64     -     -     0   12260    (-,-) 
#------------------------------------------------------------------------------------------



Path 25: MET (27346 ps) Setup Check with Pin a_reg_reg[27]/CK->SE
          Group: clk
     Startpoint: (F) in_valid
          Clock: (R) clk
       Endpoint: (R) a_reg_reg[27]/SE
          Clock: (R) clk

                     Capture       Launch     
        Clock Edge:+   40000            0     
        Drv Adjust:+       0            0     
       Src Latency:+       0            0     
       Net Latency:+       0 (I)        0 (I) 
           Arrival:=   40000            0     
                                              
             Setup:-      94                  
       Uncertainty:-     300                  
     Required Time:=   39606                  
      Launch Clock:-       0                  
       Input Delay:-   12000                  
         Data Path:-     260                  
             Slack:=   27346                  

Exceptions/Constraints:
  input_delay            12000            cubic_solver.sdc_line_41 

#------------------------------------------------------------------------------------------
#  Timing Point    Flags   Arc   Edge   Cell     Fanout  Load Trans Delay Arrival Instance 
#                                                        (fF)  (ps)  (ps)   (ps)  Location 
#------------------------------------------------------------------------------------------
  in_valid         -       -     F     (arrival)      2   7.0     0     0   12000    (-,-) 
  g7248__9945/Y    -       A->Y  F     AND2X1         2  12.1    81    56   12056    (-,-) 
  g7243/Y          -       A->Y  R     CLKINVX4      64 231.0   385   204   12260    (-,-) 
  a_reg_reg[27]/SE -       -     R     SDFFRHQX1     64     -     -     0   12260    (-,-) 
#------------------------------------------------------------------------------------------



Path 26: MET (27346 ps) Setup Check with Pin a_reg_reg[10]/CK->SE
          Group: clk
     Startpoint: (F) in_valid
          Clock: (R) clk
       Endpoint: (R) a_reg_reg[10]/SE
          Clock: (R) clk

                     Capture       Launch     
        Clock Edge:+   40000            0     
        Drv Adjust:+       0            0     
       Src Latency:+       0            0     
       Net Latency:+       0 (I)        0 (I) 
           Arrival:=   40000            0     
                                              
             Setup:-      94                  
       Uncertainty:-     300                  
     Required Time:=   39606                  
      Launch Clock:-       0                  
       Input Delay:-   12000                  
         Data Path:-     260                  
             Slack:=   27346                  

Exceptions/Constraints:
  input_delay            12000            cubic_solver.sdc_line_41 

#------------------------------------------------------------------------------------------
#  Timing Point    Flags   Arc   Edge   Cell     Fanout  Load Trans Delay Arrival Instance 
#                                                        (fF)  (ps)  (ps)   (ps)  Location 
#------------------------------------------------------------------------------------------
  in_valid         -       -     F     (arrival)      2   7.0     0     0   12000    (-,-) 
  g7248__9945/Y    -       A->Y  F     AND2X1         2  12.1    81    56   12056    (-,-) 
  g7242/Y          -       A->Y  R     CLKINVX4      64 231.0   385   204   12260    (-,-) 
  a_reg_reg[10]/SE -       -     R     SDFFRHQX1     64     -     -     0   12260    (-,-) 
#------------------------------------------------------------------------------------------



Path 27: MET (27346 ps) Setup Check with Pin a_reg_reg[0]/CK->SE
          Group: clk
     Startpoint: (F) in_valid
          Clock: (R) clk
       Endpoint: (R) a_reg_reg[0]/SE
          Clock: (R) clk

                     Capture       Launch     
        Clock Edge:+   40000            0     
        Drv Adjust:+       0            0     
       Src Latency:+       0            0     
       Net Latency:+       0 (I)        0 (I) 
           Arrival:=   40000            0     
                                              
             Setup:-      94                  
       Uncertainty:-     300                  
     Required Time:=   39606                  
      Launch Clock:-       0                  
       Input Delay:-   12000                  
         Data Path:-     260                  
             Slack:=   27346                  

Exceptions/Constraints:
  input_delay            12000            cubic_solver.sdc_line_41 

#-----------------------------------------------------------------------------------------
#  Timing Point   Flags   Arc   Edge   Cell     Fanout  Load Trans Delay Arrival Instance 
#                                                       (fF)  (ps)  (ps)   (ps)  Location 
#-----------------------------------------------------------------------------------------
  in_valid        -       -     F     (arrival)      2   7.0     0     0   12000    (-,-) 
  g7248__9945/Y   -       A->Y  F     AND2X1         2  12.1    81    56   12056    (-,-) 
  g7243/Y         -       A->Y  R     CLKINVX4      64 231.0   385   204   12260    (-,-) 
  a_reg_reg[0]/SE -       -     R     SDFFRHQX1     64     -     -     0   12260    (-,-) 
#-----------------------------------------------------------------------------------------



Path 28: MET (27346 ps) Setup Check with Pin a_reg_reg[18]/CK->SE
          Group: clk
     Startpoint: (F) in_valid
          Clock: (R) clk
       Endpoint: (R) a_reg_reg[18]/SE
          Clock: (R) clk

                     Capture       Launch     
        Clock Edge:+   40000            0     
        Drv Adjust:+       0            0     
       Src Latency:+       0            0     
       Net Latency:+       0 (I)        0 (I) 
           Arrival:=   40000            0     
                                              
             Setup:-      94                  
       Uncertainty:-     300                  
     Required Time:=   39606                  
      Launch Clock:-       0                  
       Input Delay:-   12000                  
         Data Path:-     260                  
             Slack:=   27346                  

Exceptions/Constraints:
  input_delay            12000            cubic_solver.sdc_line_41 

#------------------------------------------------------------------------------------------
#  Timing Point    Flags   Arc   Edge   Cell     Fanout  Load Trans Delay Arrival Instance 
#                                                        (fF)  (ps)  (ps)   (ps)  Location 
#------------------------------------------------------------------------------------------
  in_valid         -       -     F     (arrival)      2   7.0     0     0   12000    (-,-) 
  g7248__9945/Y    -       A->Y  F     AND2X1         2  12.1    81    56   12056    (-,-) 
  g7243/Y          -       A->Y  R     CLKINVX4      64 231.0   385   204   12260    (-,-) 
  a_reg_reg[18]/SE -       -     R     SDFFRHQX1     64     -     -     0   12260    (-,-) 
#------------------------------------------------------------------------------------------



Path 29: MET (27346 ps) Setup Check with Pin a_reg_reg[1]/CK->SE
          Group: clk
     Startpoint: (F) in_valid
          Clock: (R) clk
       Endpoint: (R) a_reg_reg[1]/SE
          Clock: (R) clk

                     Capture       Launch     
        Clock Edge:+   40000            0     
        Drv Adjust:+       0            0     
       Src Latency:+       0            0     
       Net Latency:+       0 (I)        0 (I) 
           Arrival:=   40000            0     
                                              
             Setup:-      94                  
       Uncertainty:-     300                  
     Required Time:=   39606                  
      Launch Clock:-       0                  
       Input Delay:-   12000                  
         Data Path:-     260                  
             Slack:=   27346                  

Exceptions/Constraints:
  input_delay            12000            cubic_solver.sdc_line_41 

#-----------------------------------------------------------------------------------------
#  Timing Point   Flags   Arc   Edge   Cell     Fanout  Load Trans Delay Arrival Instance 
#                                                       (fF)  (ps)  (ps)   (ps)  Location 
#-----------------------------------------------------------------------------------------
  in_valid        -       -     F     (arrival)      2   7.0     0     0   12000    (-,-) 
  g7248__9945/Y   -       A->Y  F     AND2X1         2  12.1    81    56   12056    (-,-) 
  g7242/Y         -       A->Y  R     CLKINVX4      64 231.0   385   204   12260    (-,-) 
  a_reg_reg[1]/SE -       -     R     SDFFRHQX1     64     -     -     0   12260    (-,-) 
#-----------------------------------------------------------------------------------------



Path 30: MET (27346 ps) Setup Check with Pin a_reg_reg[6]/CK->SE
          Group: clk
     Startpoint: (F) in_valid
          Clock: (R) clk
       Endpoint: (R) a_reg_reg[6]/SE
          Clock: (R) clk

                     Capture       Launch     
        Clock Edge:+   40000            0     
        Drv Adjust:+       0            0     
       Src Latency:+       0            0     
       Net Latency:+       0 (I)        0 (I) 
           Arrival:=   40000            0     
                                              
             Setup:-      94                  
       Uncertainty:-     300                  
     Required Time:=   39606                  
      Launch Clock:-       0                  
       Input Delay:-   12000                  
         Data Path:-     260                  
             Slack:=   27346                  

Exceptions/Constraints:
  input_delay            12000            cubic_solver.sdc_line_41 

#-----------------------------------------------------------------------------------------
#  Timing Point   Flags   Arc   Edge   Cell     Fanout  Load Trans Delay Arrival Instance 
#                                                       (fF)  (ps)  (ps)   (ps)  Location 
#-----------------------------------------------------------------------------------------
  in_valid        -       -     F     (arrival)      2   7.0     0     0   12000    (-,-) 
  g7248__9945/Y   -       A->Y  F     AND2X1         2  12.1    81    56   12056    (-,-) 
  g7242/Y         -       A->Y  R     CLKINVX4      64 231.0   385   204   12260    (-,-) 
  a_reg_reg[6]/SE -       -     R     SDFFRHQX1     64     -     -     0   12260    (-,-) 
#-----------------------------------------------------------------------------------------



Path 31: MET (27346 ps) Setup Check with Pin b_reg_reg[3]/CK->SE
          Group: clk
     Startpoint: (F) in_valid
          Clock: (R) clk
       Endpoint: (R) b_reg_reg[3]/SE
          Clock: (R) clk

                     Capture       Launch     
        Clock Edge:+   40000            0     
        Drv Adjust:+       0            0     
       Src Latency:+       0            0     
       Net Latency:+       0 (I)        0 (I) 
           Arrival:=   40000            0     
                                              
             Setup:-      94                  
       Uncertainty:-     300                  
     Required Time:=   39606                  
      Launch Clock:-       0                  
       Input Delay:-   12000                  
         Data Path:-     260                  
             Slack:=   27346                  

Exceptions/Constraints:
  input_delay            12000            cubic_solver.sdc_line_41 

#-----------------------------------------------------------------------------------------
#  Timing Point   Flags   Arc   Edge   Cell     Fanout  Load Trans Delay Arrival Instance 
#                                                       (fF)  (ps)  (ps)   (ps)  Location 
#-----------------------------------------------------------------------------------------
  in_valid        -       -     F     (arrival)      2   7.0     0     0   12000    (-,-) 
  g7248__9945/Y   -       A->Y  F     AND2X1         2  12.1    81    56   12056    (-,-) 
  g7243/Y         -       A->Y  R     CLKINVX4      64 231.0   385   204   12260    (-,-) 
  b_reg_reg[3]/SE -       -     R     SDFFRHQX1     64     -     -     0   12260    (-,-) 
#-----------------------------------------------------------------------------------------



Path 32: MET (27346 ps) Setup Check with Pin a_reg_reg[13]/CK->SE
          Group: clk
     Startpoint: (F) in_valid
          Clock: (R) clk
       Endpoint: (R) a_reg_reg[13]/SE
          Clock: (R) clk

                     Capture       Launch     
        Clock Edge:+   40000            0     
        Drv Adjust:+       0            0     
       Src Latency:+       0            0     
       Net Latency:+       0 (I)        0 (I) 
           Arrival:=   40000            0     
                                              
             Setup:-      94                  
       Uncertainty:-     300                  
     Required Time:=   39606                  
      Launch Clock:-       0                  
       Input Delay:-   12000                  
         Data Path:-     260                  
             Slack:=   27346                  

Exceptions/Constraints:
  input_delay            12000            cubic_solver.sdc_line_41 

#------------------------------------------------------------------------------------------
#  Timing Point    Flags   Arc   Edge   Cell     Fanout  Load Trans Delay Arrival Instance 
#                                                        (fF)  (ps)  (ps)   (ps)  Location 
#------------------------------------------------------------------------------------------
  in_valid         -       -     F     (arrival)      2   7.0     0     0   12000    (-,-) 
  g7248__9945/Y    -       A->Y  F     AND2X1         2  12.1    81    56   12056    (-,-) 
  g7242/Y          -       A->Y  R     CLKINVX4      64 231.0   385   204   12260    (-,-) 
  a_reg_reg[13]/SE -       -     R     SDFFRHQX1     64     -     -     0   12260    (-,-) 
#------------------------------------------------------------------------------------------



Path 33: MET (27346 ps) Setup Check with Pin a_reg_reg[26]/CK->SE
          Group: clk
     Startpoint: (F) in_valid
          Clock: (R) clk
       Endpoint: (R) a_reg_reg[26]/SE
          Clock: (R) clk

                     Capture       Launch     
        Clock Edge:+   40000            0     
        Drv Adjust:+       0            0     
       Src Latency:+       0            0     
       Net Latency:+       0 (I)        0 (I) 
           Arrival:=   40000            0     
                                              
             Setup:-      94                  
       Uncertainty:-     300                  
     Required Time:=   39606                  
      Launch Clock:-       0                  
       Input Delay:-   12000                  
         Data Path:-     260                  
             Slack:=   27346                  

Exceptions/Constraints:
  input_delay            12000            cubic_solver.sdc_line_41 

#------------------------------------------------------------------------------------------
#  Timing Point    Flags   Arc   Edge   Cell     Fanout  Load Trans Delay Arrival Instance 
#                                                        (fF)  (ps)  (ps)   (ps)  Location 
#------------------------------------------------------------------------------------------
  in_valid         -       -     F     (arrival)      2   7.0     0     0   12000    (-,-) 
  g7248__9945/Y    -       A->Y  F     AND2X1         2  12.1    81    56   12056    (-,-) 
  g7243/Y          -       A->Y  R     CLKINVX4      64 231.0   385   204   12260    (-,-) 
  a_reg_reg[26]/SE -       -     R     SDFFRHQX1     64     -     -     0   12260    (-,-) 
#------------------------------------------------------------------------------------------



Path 34: MET (27346 ps) Setup Check with Pin a_reg_reg[30]/CK->SE
          Group: clk
     Startpoint: (F) in_valid
          Clock: (R) clk
       Endpoint: (R) a_reg_reg[30]/SE
          Clock: (R) clk

                     Capture       Launch     
        Clock Edge:+   40000            0     
        Drv Adjust:+       0            0     
       Src Latency:+       0            0     
       Net Latency:+       0 (I)        0 (I) 
           Arrival:=   40000            0     
                                              
             Setup:-      94                  
       Uncertainty:-     300                  
     Required Time:=   39606                  
      Launch Clock:-       0                  
       Input Delay:-   12000                  
         Data Path:-     260                  
             Slack:=   27346                  

Exceptions/Constraints:
  input_delay            12000            cubic_solver.sdc_line_41 

#------------------------------------------------------------------------------------------
#  Timing Point    Flags   Arc   Edge   Cell     Fanout  Load Trans Delay Arrival Instance 
#                                                        (fF)  (ps)  (ps)   (ps)  Location 
#------------------------------------------------------------------------------------------
  in_valid         -       -     F     (arrival)      2   7.0     0     0   12000    (-,-) 
  g7248__9945/Y    -       A->Y  F     AND2X1         2  12.1    81    56   12056    (-,-) 
  g7243/Y          -       A->Y  R     CLKINVX4      64 231.0   385   204   12260    (-,-) 
  a_reg_reg[30]/SE -       -     R     SDFFRHQX1     64     -     -     0   12260    (-,-) 
#------------------------------------------------------------------------------------------



Path 35: MET (27346 ps) Setup Check with Pin a_reg_reg[28]/CK->SE
          Group: clk
     Startpoint: (F) in_valid
          Clock: (R) clk
       Endpoint: (R) a_reg_reg[28]/SE
          Clock: (R) clk

                     Capture       Launch     
        Clock Edge:+   40000            0     
        Drv Adjust:+       0            0     
       Src Latency:+       0            0     
       Net Latency:+       0 (I)        0 (I) 
           Arrival:=   40000            0     
                                              
             Setup:-      94                  
       Uncertainty:-     300                  
     Required Time:=   39606                  
      Launch Clock:-       0                  
       Input Delay:-   12000                  
         Data Path:-     260                  
             Slack:=   27346                  

Exceptions/Constraints:
  input_delay            12000            cubic_solver.sdc_line_41 

#------------------------------------------------------------------------------------------
#  Timing Point    Flags   Arc   Edge   Cell     Fanout  Load Trans Delay Arrival Instance 
#                                                        (fF)  (ps)  (ps)   (ps)  Location 
#------------------------------------------------------------------------------------------
  in_valid         -       -     F     (arrival)      2   7.0     0     0   12000    (-,-) 
  g7248__9945/Y    -       A->Y  F     AND2X1         2  12.1    81    56   12056    (-,-) 
  g7242/Y          -       A->Y  R     CLKINVX4      64 231.0   385   204   12260    (-,-) 
  a_reg_reg[28]/SE -       -     R     SDFFRHQX1     64     -     -     0   12260    (-,-) 
#------------------------------------------------------------------------------------------



Path 36: MET (27346 ps) Setup Check with Pin a_reg_reg[29]/CK->SE
          Group: clk
     Startpoint: (F) in_valid
          Clock: (R) clk
       Endpoint: (R) a_reg_reg[29]/SE
          Clock: (R) clk

                     Capture       Launch     
        Clock Edge:+   40000            0     
        Drv Adjust:+       0            0     
       Src Latency:+       0            0     
       Net Latency:+       0 (I)        0 (I) 
           Arrival:=   40000            0     
                                              
             Setup:-      94                  
       Uncertainty:-     300                  
     Required Time:=   39606                  
      Launch Clock:-       0                  
       Input Delay:-   12000                  
         Data Path:-     260                  
             Slack:=   27346                  

Exceptions/Constraints:
  input_delay            12000            cubic_solver.sdc_line_41 

#------------------------------------------------------------------------------------------
#  Timing Point    Flags   Arc   Edge   Cell     Fanout  Load Trans Delay Arrival Instance 
#                                                        (fF)  (ps)  (ps)   (ps)  Location 
#------------------------------------------------------------------------------------------
  in_valid         -       -     F     (arrival)      2   7.0     0     0   12000    (-,-) 
  g7248__9945/Y    -       A->Y  F     AND2X1         2  12.1    81    56   12056    (-,-) 
  g7243/Y          -       A->Y  R     CLKINVX4      64 231.0   385   204   12260    (-,-) 
  a_reg_reg[29]/SE -       -     R     SDFFRHQX1     64     -     -     0   12260    (-,-) 
#------------------------------------------------------------------------------------------



Path 37: MET (27346 ps) Setup Check with Pin c_reg_reg[22]/CK->SE
          Group: clk
     Startpoint: (F) in_valid
          Clock: (R) clk
       Endpoint: (R) c_reg_reg[22]/SE
          Clock: (R) clk

                     Capture       Launch     
        Clock Edge:+   40000            0     
        Drv Adjust:+       0            0     
       Src Latency:+       0            0     
       Net Latency:+       0 (I)        0 (I) 
           Arrival:=   40000            0     
                                              
             Setup:-      94                  
       Uncertainty:-     300                  
     Required Time:=   39606                  
      Launch Clock:-       0                  
       Input Delay:-   12000                  
         Data Path:-     260                  
             Slack:=   27346                  

Exceptions/Constraints:
  input_delay            12000            cubic_solver.sdc_line_41 

#------------------------------------------------------------------------------------------
#  Timing Point    Flags   Arc   Edge   Cell     Fanout  Load Trans Delay Arrival Instance 
#                                                        (fF)  (ps)  (ps)   (ps)  Location 
#------------------------------------------------------------------------------------------
  in_valid         -       -     F     (arrival)      2   7.0     0     0   12000    (-,-) 
  g7248__9945/Y    -       A->Y  F     AND2X1         2  12.1    81    56   12056    (-,-) 
  g7242/Y          -       A->Y  R     CLKINVX4      64 231.0   385   204   12260    (-,-) 
  c_reg_reg[22]/SE -       -     R     SDFFRHQX1     64     -     -     0   12260    (-,-) 
#------------------------------------------------------------------------------------------



Path 38: MET (27346 ps) Setup Check with Pin b_reg_reg[22]/CK->SE
          Group: clk
     Startpoint: (F) in_valid
          Clock: (R) clk
       Endpoint: (R) b_reg_reg[22]/SE
          Clock: (R) clk

                     Capture       Launch     
        Clock Edge:+   40000            0     
        Drv Adjust:+       0            0     
       Src Latency:+       0            0     
       Net Latency:+       0 (I)        0 (I) 
           Arrival:=   40000            0     
                                              
             Setup:-      94                  
       Uncertainty:-     300                  
     Required Time:=   39606                  
      Launch Clock:-       0                  
       Input Delay:-   12000                  
         Data Path:-     260                  
             Slack:=   27346                  

Exceptions/Constraints:
  input_delay            12000            cubic_solver.sdc_line_41 

#------------------------------------------------------------------------------------------
#  Timing Point    Flags   Arc   Edge   Cell     Fanout  Load Trans Delay Arrival Instance 
#                                                        (fF)  (ps)  (ps)   (ps)  Location 
#------------------------------------------------------------------------------------------
  in_valid         -       -     F     (arrival)      2   7.0     0     0   12000    (-,-) 
  g7248__9945/Y    -       A->Y  F     AND2X1         2  12.1    81    56   12056    (-,-) 
  g7242/Y          -       A->Y  R     CLKINVX4      64 231.0   385   204   12260    (-,-) 
  b_reg_reg[22]/SE -       -     R     SDFFRHQX1     64     -     -     0   12260    (-,-) 
#------------------------------------------------------------------------------------------



Path 39: MET (27346 ps) Setup Check with Pin c_reg_reg[12]/CK->SE
          Group: clk
     Startpoint: (F) in_valid
          Clock: (R) clk
       Endpoint: (R) c_reg_reg[12]/SE
          Clock: (R) clk

                     Capture       Launch     
        Clock Edge:+   40000            0     
        Drv Adjust:+       0            0     
       Src Latency:+       0            0     
       Net Latency:+       0 (I)        0 (I) 
           Arrival:=   40000            0     
                                              
             Setup:-      94                  
       Uncertainty:-     300                  
     Required Time:=   39606                  
      Launch Clock:-       0                  
       Input Delay:-   12000                  
         Data Path:-     260                  
             Slack:=   27346                  

Exceptions/Constraints:
  input_delay            12000            cubic_solver.sdc_line_41 

#------------------------------------------------------------------------------------------
#  Timing Point    Flags   Arc   Edge   Cell     Fanout  Load Trans Delay Arrival Instance 
#                                                        (fF)  (ps)  (ps)   (ps)  Location 
#------------------------------------------------------------------------------------------
  in_valid         -       -     F     (arrival)      2   7.0     0     0   12000    (-,-) 
  g7248__9945/Y    -       A->Y  F     AND2X1         2  12.1    81    56   12056    (-,-) 
  g7243/Y          -       A->Y  R     CLKINVX4      64 231.0   385   204   12260    (-,-) 
  c_reg_reg[12]/SE -       -     R     SDFFRHQX1     64     -     -     0   12260    (-,-) 
#------------------------------------------------------------------------------------------



Path 40: MET (27346 ps) Setup Check with Pin b_reg_reg[27]/CK->SE
          Group: clk
     Startpoint: (F) in_valid
          Clock: (R) clk
       Endpoint: (R) b_reg_reg[27]/SE
          Clock: (R) clk

                     Capture       Launch     
        Clock Edge:+   40000            0     
        Drv Adjust:+       0            0     
       Src Latency:+       0            0     
       Net Latency:+       0 (I)        0 (I) 
           Arrival:=   40000            0     
                                              
             Setup:-      94                  
       Uncertainty:-     300                  
     Required Time:=   39606                  
      Launch Clock:-       0                  
       Input Delay:-   12000                  
         Data Path:-     260                  
             Slack:=   27346                  

Exceptions/Constraints:
  input_delay            12000            cubic_solver.sdc_line_41 

#------------------------------------------------------------------------------------------
#  Timing Point    Flags   Arc   Edge   Cell     Fanout  Load Trans Delay Arrival Instance 
#                                                        (fF)  (ps)  (ps)   (ps)  Location 
#------------------------------------------------------------------------------------------
  in_valid         -       -     F     (arrival)      2   7.0     0     0   12000    (-,-) 
  g7248__9945/Y    -       A->Y  F     AND2X1         2  12.1    81    56   12056    (-,-) 
  g7243/Y          -       A->Y  R     CLKINVX4      64 231.0   385   204   12260    (-,-) 
  b_reg_reg[27]/SE -       -     R     SDFFRHQX1     64     -     -     0   12260    (-,-) 
#------------------------------------------------------------------------------------------



Path 41: MET (27346 ps) Setup Check with Pin c_reg_reg[17]/CK->SE
          Group: clk
     Startpoint: (F) in_valid
          Clock: (R) clk
       Endpoint: (R) c_reg_reg[17]/SE
          Clock: (R) clk

                     Capture       Launch     
        Clock Edge:+   40000            0     
        Drv Adjust:+       0            0     
       Src Latency:+       0            0     
       Net Latency:+       0 (I)        0 (I) 
           Arrival:=   40000            0     
                                              
             Setup:-      94                  
       Uncertainty:-     300                  
     Required Time:=   39606                  
      Launch Clock:-       0                  
       Input Delay:-   12000                  
         Data Path:-     260                  
             Slack:=   27346                  

Exceptions/Constraints:
  input_delay            12000            cubic_solver.sdc_line_41 

#------------------------------------------------------------------------------------------
#  Timing Point    Flags   Arc   Edge   Cell     Fanout  Load Trans Delay Arrival Instance 
#                                                        (fF)  (ps)  (ps)   (ps)  Location 
#------------------------------------------------------------------------------------------
  in_valid         -       -     F     (arrival)      2   7.0     0     0   12000    (-,-) 
  g7248__9945/Y    -       A->Y  F     AND2X1         2  12.1    81    56   12056    (-,-) 
  g7243/Y          -       A->Y  R     CLKINVX4      64 231.0   385   204   12260    (-,-) 
  c_reg_reg[17]/SE -       -     R     SDFFRHQX1     64     -     -     0   12260    (-,-) 
#------------------------------------------------------------------------------------------



Path 42: MET (27346 ps) Setup Check with Pin c_reg_reg[31]/CK->SE
          Group: clk
     Startpoint: (F) in_valid
          Clock: (R) clk
       Endpoint: (R) c_reg_reg[31]/SE
          Clock: (R) clk

                     Capture       Launch     
        Clock Edge:+   40000            0     
        Drv Adjust:+       0            0     
       Src Latency:+       0            0     
       Net Latency:+       0 (I)        0 (I) 
           Arrival:=   40000            0     
                                              
             Setup:-      94                  
       Uncertainty:-     300                  
     Required Time:=   39606                  
      Launch Clock:-       0                  
       Input Delay:-   12000                  
         Data Path:-     260                  
             Slack:=   27346                  

Exceptions/Constraints:
  input_delay            12000            cubic_solver.sdc_line_41 

#------------------------------------------------------------------------------------------
#  Timing Point    Flags   Arc   Edge   Cell     Fanout  Load Trans Delay Arrival Instance 
#                                                        (fF)  (ps)  (ps)   (ps)  Location 
#------------------------------------------------------------------------------------------
  in_valid         -       -     F     (arrival)      2   7.0     0     0   12000    (-,-) 
  g7248__9945/Y    -       A->Y  F     AND2X1         2  12.1    81    56   12056    (-,-) 
  g7242/Y          -       A->Y  R     CLKINVX4      64 231.0   385   204   12260    (-,-) 
  c_reg_reg[31]/SE -       -     R     SDFFRHQX1     64     -     -     0   12260    (-,-) 
#------------------------------------------------------------------------------------------



Path 43: MET (27346 ps) Setup Check with Pin c_reg_reg[9]/CK->SE
          Group: clk
     Startpoint: (F) in_valid
          Clock: (R) clk
       Endpoint: (R) c_reg_reg[9]/SE
          Clock: (R) clk

                     Capture       Launch     
        Clock Edge:+   40000            0     
        Drv Adjust:+       0            0     
       Src Latency:+       0            0     
       Net Latency:+       0 (I)        0 (I) 
           Arrival:=   40000            0     
                                              
             Setup:-      94                  
       Uncertainty:-     300                  
     Required Time:=   39606                  
      Launch Clock:-       0                  
       Input Delay:-   12000                  
         Data Path:-     260                  
             Slack:=   27346                  

Exceptions/Constraints:
  input_delay            12000            cubic_solver.sdc_line_41 

#-----------------------------------------------------------------------------------------
#  Timing Point   Flags   Arc   Edge   Cell     Fanout  Load Trans Delay Arrival Instance 
#                                                       (fF)  (ps)  (ps)   (ps)  Location 
#-----------------------------------------------------------------------------------------
  in_valid        -       -     F     (arrival)      2   7.0     0     0   12000    (-,-) 
  g7248__9945/Y   -       A->Y  F     AND2X1         2  12.1    81    56   12056    (-,-) 
  g7243/Y         -       A->Y  R     CLKINVX4      64 231.0   385   204   12260    (-,-) 
  c_reg_reg[9]/SE -       -     R     SDFFRHQX1     64     -     -     0   12260    (-,-) 
#-----------------------------------------------------------------------------------------



Path 44: MET (27346 ps) Setup Check with Pin c_reg_reg[7]/CK->SE
          Group: clk
     Startpoint: (F) in_valid
          Clock: (R) clk
       Endpoint: (R) c_reg_reg[7]/SE
          Clock: (R) clk

                     Capture       Launch     
        Clock Edge:+   40000            0     
        Drv Adjust:+       0            0     
       Src Latency:+       0            0     
       Net Latency:+       0 (I)        0 (I) 
           Arrival:=   40000            0     
                                              
             Setup:-      94                  
       Uncertainty:-     300                  
     Required Time:=   39606                  
      Launch Clock:-       0                  
       Input Delay:-   12000                  
         Data Path:-     260                  
             Slack:=   27346                  

Exceptions/Constraints:
  input_delay            12000            cubic_solver.sdc_line_41 

#-----------------------------------------------------------------------------------------
#  Timing Point   Flags   Arc   Edge   Cell     Fanout  Load Trans Delay Arrival Instance 
#                                                       (fF)  (ps)  (ps)   (ps)  Location 
#-----------------------------------------------------------------------------------------
  in_valid        -       -     F     (arrival)      2   7.0     0     0   12000    (-,-) 
  g7248__9945/Y   -       A->Y  F     AND2X1         2  12.1    81    56   12056    (-,-) 
  g7242/Y         -       A->Y  R     CLKINVX4      64 231.0   385   204   12260    (-,-) 
  c_reg_reg[7]/SE -       -     R     SDFFRHQX1     64     -     -     0   12260    (-,-) 
#-----------------------------------------------------------------------------------------



Path 45: MET (27346 ps) Setup Check with Pin c_reg_reg[3]/CK->SE
          Group: clk
     Startpoint: (F) in_valid
          Clock: (R) clk
       Endpoint: (R) c_reg_reg[3]/SE
          Clock: (R) clk

                     Capture       Launch     
        Clock Edge:+   40000            0     
        Drv Adjust:+       0            0     
       Src Latency:+       0            0     
       Net Latency:+       0 (I)        0 (I) 
           Arrival:=   40000            0     
                                              
             Setup:-      94                  
       Uncertainty:-     300                  
     Required Time:=   39606                  
      Launch Clock:-       0                  
       Input Delay:-   12000                  
         Data Path:-     260                  
             Slack:=   27346                  

Exceptions/Constraints:
  input_delay            12000            cubic_solver.sdc_line_41 

#-----------------------------------------------------------------------------------------
#  Timing Point   Flags   Arc   Edge   Cell     Fanout  Load Trans Delay Arrival Instance 
#                                                       (fF)  (ps)  (ps)   (ps)  Location 
#-----------------------------------------------------------------------------------------
  in_valid        -       -     F     (arrival)      2   7.0     0     0   12000    (-,-) 
  g7248__9945/Y   -       A->Y  F     AND2X1         2  12.1    81    56   12056    (-,-) 
  g7242/Y         -       A->Y  R     CLKINVX4      64 231.0   385   204   12260    (-,-) 
  c_reg_reg[3]/SE -       -     R     SDFFRHQX1     64     -     -     0   12260    (-,-) 
#-----------------------------------------------------------------------------------------



Path 46: MET (27346 ps) Setup Check with Pin c_reg_reg[0]/CK->SE
          Group: clk
     Startpoint: (F) in_valid
          Clock: (R) clk
       Endpoint: (R) c_reg_reg[0]/SE
          Clock: (R) clk

                     Capture       Launch     
        Clock Edge:+   40000            0     
        Drv Adjust:+       0            0     
       Src Latency:+       0            0     
       Net Latency:+       0 (I)        0 (I) 
           Arrival:=   40000            0     
                                              
             Setup:-      94                  
       Uncertainty:-     300                  
     Required Time:=   39606                  
      Launch Clock:-       0                  
       Input Delay:-   12000                  
         Data Path:-     260                  
             Slack:=   27346                  

Exceptions/Constraints:
  input_delay            12000            cubic_solver.sdc_line_41 

#-----------------------------------------------------------------------------------------
#  Timing Point   Flags   Arc   Edge   Cell     Fanout  Load Trans Delay Arrival Instance 
#                                                       (fF)  (ps)  (ps)   (ps)  Location 
#-----------------------------------------------------------------------------------------
  in_valid        -       -     F     (arrival)      2   7.0     0     0   12000    (-,-) 
  g7248__9945/Y   -       A->Y  F     AND2X1         2  12.1    81    56   12056    (-,-) 
  g7242/Y         -       A->Y  R     CLKINVX4      64 231.0   385   204   12260    (-,-) 
  c_reg_reg[0]/SE -       -     R     SDFFRHQX1     64     -     -     0   12260    (-,-) 
#-----------------------------------------------------------------------------------------



Path 47: MET (27346 ps) Setup Check with Pin b_reg_reg[21]/CK->SE
          Group: clk
     Startpoint: (F) in_valid
          Clock: (R) clk
       Endpoint: (R) b_reg_reg[21]/SE
          Clock: (R) clk

                     Capture       Launch     
        Clock Edge:+   40000            0     
        Drv Adjust:+       0            0     
       Src Latency:+       0            0     
       Net Latency:+       0 (I)        0 (I) 
           Arrival:=   40000            0     
                                              
             Setup:-      94                  
       Uncertainty:-     300                  
     Required Time:=   39606                  
      Launch Clock:-       0                  
       Input Delay:-   12000                  
         Data Path:-     260                  
             Slack:=   27346                  

Exceptions/Constraints:
  input_delay            12000            cubic_solver.sdc_line_41 

#------------------------------------------------------------------------------------------
#  Timing Point    Flags   Arc   Edge   Cell     Fanout  Load Trans Delay Arrival Instance 
#                                                        (fF)  (ps)  (ps)   (ps)  Location 
#------------------------------------------------------------------------------------------
  in_valid         -       -     F     (arrival)      2   7.0     0     0   12000    (-,-) 
  g7248__9945/Y    -       A->Y  F     AND2X1         2  12.1    81    56   12056    (-,-) 
  g7242/Y          -       A->Y  R     CLKINVX4      64 231.0   385   204   12260    (-,-) 
  b_reg_reg[21]/SE -       -     R     SDFFRHQX1     64     -     -     0   12260    (-,-) 
#------------------------------------------------------------------------------------------



Path 48: MET (27346 ps) Setup Check with Pin b_reg_reg[25]/CK->SE
          Group: clk
     Startpoint: (F) in_valid
          Clock: (R) clk
       Endpoint: (R) b_reg_reg[25]/SE
          Clock: (R) clk

                     Capture       Launch     
        Clock Edge:+   40000            0     
        Drv Adjust:+       0            0     
       Src Latency:+       0            0     
       Net Latency:+       0 (I)        0 (I) 
           Arrival:=   40000            0     
                                              
             Setup:-      94                  
       Uncertainty:-     300                  
     Required Time:=   39606                  
      Launch Clock:-       0                  
       Input Delay:-   12000                  
         Data Path:-     260                  
             Slack:=   27346                  

Exceptions/Constraints:
  input_delay            12000            cubic_solver.sdc_line_41 

#------------------------------------------------------------------------------------------
#  Timing Point    Flags   Arc   Edge   Cell     Fanout  Load Trans Delay Arrival Instance 
#                                                        (fF)  (ps)  (ps)   (ps)  Location 
#------------------------------------------------------------------------------------------
  in_valid         -       -     F     (arrival)      2   7.0     0     0   12000    (-,-) 
  g7248__9945/Y    -       A->Y  F     AND2X1         2  12.1    81    56   12056    (-,-) 
  g7243/Y          -       A->Y  R     CLKINVX4      64 231.0   385   204   12260    (-,-) 
  b_reg_reg[25]/SE -       -     R     SDFFRHQX1     64     -     -     0   12260    (-,-) 
#------------------------------------------------------------------------------------------



Path 49: MET (27346 ps) Setup Check with Pin d_reg_reg[12]/CK->SE
          Group: clk
     Startpoint: (F) in_valid
          Clock: (R) clk
       Endpoint: (R) d_reg_reg[12]/SE
          Clock: (R) clk

                     Capture       Launch     
        Clock Edge:+   40000            0     
        Drv Adjust:+       0            0     
       Src Latency:+       0            0     
       Net Latency:+       0 (I)        0 (I) 
           Arrival:=   40000            0     
                                              
             Setup:-      94                  
       Uncertainty:-     300                  
     Required Time:=   39606                  
      Launch Clock:-       0                  
       Input Delay:-   12000                  
         Data Path:-     260                  
             Slack:=   27346                  

Exceptions/Constraints:
  input_delay            12000            cubic_solver.sdc_line_41 

#------------------------------------------------------------------------------------------
#  Timing Point    Flags   Arc   Edge   Cell     Fanout  Load Trans Delay Arrival Instance 
#                                                        (fF)  (ps)  (ps)   (ps)  Location 
#------------------------------------------------------------------------------------------
  in_valid         -       -     F     (arrival)      2   7.0     0     0   12000    (-,-) 
  g7248__9945/Y    -       A->Y  F     AND2X1         2  12.1    81    56   12056    (-,-) 
  g7242/Y          -       A->Y  R     CLKINVX4      64 231.0   385   204   12260    (-,-) 
  d_reg_reg[12]/SE -       -     R     SDFFRHQX1     64     -     -     0   12260    (-,-) 
#------------------------------------------------------------------------------------------



Path 50: MET (27346 ps) Setup Check with Pin d_reg_reg[28]/CK->SE
          Group: clk
     Startpoint: (F) in_valid
          Clock: (R) clk
       Endpoint: (R) d_reg_reg[28]/SE
          Clock: (R) clk

                     Capture       Launch     
        Clock Edge:+   40000            0     
        Drv Adjust:+       0            0     
       Src Latency:+       0            0     
       Net Latency:+       0 (I)        0 (I) 
           Arrival:=   40000            0     
                                              
             Setup:-      94                  
       Uncertainty:-     300                  
     Required Time:=   39606                  
      Launch Clock:-       0                  
       Input Delay:-   12000                  
         Data Path:-     260                  
             Slack:=   27346                  

Exceptions/Constraints:
  input_delay            12000            cubic_solver.sdc_line_41 

#------------------------------------------------------------------------------------------
#  Timing Point    Flags   Arc   Edge   Cell     Fanout  Load Trans Delay Arrival Instance 
#                                                        (fF)  (ps)  (ps)   (ps)  Location 
#------------------------------------------------------------------------------------------
  in_valid         -       -     F     (arrival)      2   7.0     0     0   12000    (-,-) 
  g7248__9945/Y    -       A->Y  F     AND2X1         2  12.1    81    56   12056    (-,-) 
  g7242/Y          -       A->Y  R     CLKINVX4      64 231.0   385   204   12260    (-,-) 
  d_reg_reg[28]/SE -       -     R     SDFFRHQX1     64     -     -     0   12260    (-,-) 
#------------------------------------------------------------------------------------------

