============================================================
  Generated by:           Genus(TM) Synthesis Solution 22.17-s071_1
  Generated on:           Jun 05 2026  01:16:21 am
  Module:                 cubic_solver
  Technology libraries:   fast 
                          physical_cells 
  Operating conditions:   fast 
  Interconnect mode:      global
  Area mode:              physical library
============================================================

Timing
--------

Clock  Period 
--------------
clk   40000.0 


  Cost    Critical         Violating 
 Group   Path Slack  TNS     Paths   
-------------------------------------
clk         27336.1   0.0          0 
default    No paths   0.0            
-------------------------------------
Total                 0.0          0 

Instance Count
--------------
Leaf Instance Count             893 
Physical Instance count           0 
Sequential Instance Count       328 
Combinational Instance Count    565 
Hierarchical Instance Count       0 

Area
----
Cell Area                          3458.766
Physical Cell Area                 0.000
Total Cell Area (Cell+Physical)    3458.766
Net Area                           1241.445
Total Area (Cell+Physical+Net)     4700.211

Runtime                            0.0 seconds
Elapsed Runtime                    183 seconds
Genus peak memory usage            1609.30 
Innovus peak memory usage          no_value 
Hostname                           vlsiktmt.tailff29c4.ts.net
